// Jest Snapshot v1, https://goo.gl/fbAQLP

exports[`Testing button component Render button component with primary variant 1`] = `
<View
  accessibilityState={
    {
      "busy": undefined,
      "checked": undefined,
      "disabled": undefined,
      "expanded": undefined,
      "selected": undefined,
    }
  }
  accessibilityValue={
    {
      "max": undefined,
      "min": undefined,
      "now": undefined,
      "text": undefined,
    }
  }
  accessible={true}
  collapsable={false}
  focusable={true}
  onClick={[Function]}
  onResponderGrant={[Function]}
  onResponderMove={[Function]}
  onResponderRelease={[Function]}
  onResponderTerminate={[Function]}
  onResponderTerminationRequest={[Function]}
  onStartShouldSetResponder={[Function]}
  style={
    {
      "backgroundColor": "#33907C",
      "borderColor": "#33907C",
      "borderRadius": 50,
      "borderWidth": 2,
      "color": "#fff",
      "opacity": 1,
      "paddingVertical": 13,
      "textTransform": "capitalize",
    }
  }
>
  <View
    style={
      {
        "alignItems": "center",
        "columnGap": 6,
        "display": "flex",
        "flexDirection": "row",
        "justifyContent": "center",
      }
    }
  >
    <Text
      style={
        [
          {
            "color": "#fff",
            "fontFamily": "Montserrat_400Regular",
          },
          {
            "fontSize": 16,
          },
          [
            {
              "backgroundColor": "#33907C",
              "color": "#fff",
            },
            {
              "fontFamily": "Montserrat_500Medium",
              "textAlign": "center",
            },
          ],
        ]
      }
    >
      press here
    </Text>
  </View>
</View>
`;
