// Jest Snapshot v1, https://goo.gl/fbAQLP

exports[`Testing Payment Card component Render Payment Card component success 1`] = `
<View
  accessibilityIgnoresInvertColors={true}
  style={
    [
      {
        "alignItems": "flex-end",
        "alignSelf": "flex-start",
        "borderRadius": 9,
        "columnGap": 15,
        "flexDirection": "row",
        "overflow": "hidden",
        "paddingHorizontal": 17,
        "paddingVertical": 13,
      },
      undefined,
    ]
  }
>
  <Image
    source={
      {
        "testUri": "../../../assets/payment/mastercard.png",
      }
    }
    style={
      [
        {
          "bottom": 0,
          "left": 0,
          "position": "absolute",
          "right": 0,
          "top": 0,
        },
        {
          "height": undefined,
          "width": undefined,
        },
        undefined,
      ]
    }
  />
  <View
    style={
      {
        "rowGap": 5,
      }
    }
  >
    <View>
      <Text
        style={
          [
            {
              "color": "#fff",
              "fontFamily": "Montserrat_400Regular",
            },
            {
              "fontSize": 14,
            },
            {
              "color": "#b7b7b7",
              "fontSize": 13,
              "textTransform": "capitalize",
            },
          ]
        }
      >
        holder name
      </Text>
      <Text
        style={
          [
            {
              "color": "#fff",
              "fontFamily": "Montserrat_400Regular",
            },
            {
              "fontSize": 14,
            },
            undefined,
          ]
        }
      >
        card
      </Text>
    </View>
    <View>
      <Text
        style={
          [
            {
              "color": "#fff",
              "fontFamily": "Montserrat_400Regular",
            },
            {
              "fontSize": 14,
            },
            {
              "color": "#b7b7b7",
              "fontSize": 13,
              "textTransform": "capitalize",
            },
          ]
        }
      >
        card number
      </Text>
      <Text
        style={
          [
            {
              "color": "#fff",
              "fontFamily": "Montserrat_400Regular",
            },
            {
              "fontSize": 16,
            },
            undefined,
          ]
        }
      >
        5627 2158 9854 8869 
      </Text>
    </View>
    <View>
      <Text
        style={
          [
            {
              "color": "#fff",
              "fontFamily": "Montserrat_400Regular",
            },
            {
              "fontSize": 14,
            },
            {
              "color": "#b7b7b7",
              "fontSize": 13,
              "textTransform": "capitalize",
            },
          ]
        }
      >
        exp. date
      </Text>
      <Text
        style={
          [
            {
              "color": "#fff",
              "fontFamily": "Montserrat_400Regular",
            },
            {
              "fontSize": 14,
            },
            undefined,
          ]
        }
      >
        01/2019
      </Text>
    </View>
  </View>
  <View>
    <Text
      style={
        [
          {
            "color": "#fff",
            "fontFamily": "Montserrat_400Regular",
          },
          {
            "fontSize": 14,
          },
          [
            {
              "color": "#b7b7b7",
              "fontSize": 13,
              "textTransform": "capitalize",
            },
            {
              "textTransform": "uppercase",
            },
          ],
        ]
      }
    >
      cvc
    </Text>
    <Text
      style={
        [
          {
            "color": "#fff",
            "fontFamily": "Montserrat_400Regular",
          },
          {
            "fontSize": 14,
          },
          {
            "textAlign": "right",
          },
        ]
      }
    >
      123
    </Text>
  </View>
</View>
`;
